// Jest Snapshot v1, https://goo.gl/fbAQLP

exports[`Test on <AppRouter /> should show loader 1`] = `
<h1>
  Espere
</h1>
`;
